2026-09-04 16:21:24.868: [INFO] CurrentProfilePath: C:\Workspaces_Eclipse\workspace_qdev\.metadata\.plugins\org.eclipse.swt\EBWebView\Default
2026-09-04 16:21:24.868: [INFO] Profiles total count: 1
2026-09-04 16:21:24.868: [INFO] Profile: name=Profil 1 path=C:\Workspaces_Eclipse\workspace_qdev\.metadata\.plugins\org.eclipse.swt\EBWebView\Default lastActive=null
2026-09-04 16:21:24.868: [INFO] LastUsedProfileDir: C:\Workspaces_Eclipse\workspace_qdev\.metadata\.plugins\org.eclipse.swt\EBWebView\Default
2026-09-04 16:21:24.868: [INFO] OnDoneLoading sync enabled: 0
2026-09-04 16:21:24.868: [INFO] BookmarkModelLoaded, ids_reassigned: 0
2026-09-04 16:21:24.868: [INFO] BookmarksLoadDropped droppedNodes=0
2026-09-04 16:21:24.868: [INFO] BookmarksSnapshot Startup total=0 bar=0 other=0 mobile=0 showBar=0 showBarNTP=1
2026-09-04 16:21:34.653: [INFO] BookmarksSnapshot Shutdown total=0 bar=0 other=0 mobile=0 showBar=0 showBarNTP=1
2026-09-04 16:21:36.022: [INFO] CurrentProfilePath: C:\Workspaces_Eclipse\workspace_qdev\.metadata\.plugins\org.eclipse.swt\EBWebView\Default
2026-09-04 16:21:36.022: [INFO] Profiles total count: 1
2026-09-04 16:21:36.022: [INFO] Profile: name=Profil 1 path=C:\Workspaces_Eclipse\workspace_qdev\.metadata\.plugins\org.eclipse.swt\EBWebView\Default lastActive=2026-09-04T16:21:31.650Z
2026-09-04 16:21:36.022: [INFO] LastUsedProfileDir: C:\Workspaces_Eclipse\workspace_qdev\.metadata\.plugins\org.eclipse.swt\EBWebView\Default
2026-09-04 16:21:36.022: [INFO] MostRecentlyActiveProfile: name=Profil 1 path=C:\Workspaces_Eclipse\workspace_qdev\.metadata\.plugins\org.eclipse.swt\EBWebView\Default lastActive=2026-09-04T16:21:31.650Z
2026-09-04 16:21:36.022: [INFO] OnDoneLoading sync enabled: 0
2026-09-04 16:21:36.022: [INFO] BookmarkModelLoaded, ids_reassigned: 0
2026-09-04 16:21:36.022: [INFO] BookmarksLoadDropped droppedNodes=0
2026-09-04 16:21:36.022: [INFO] BookmarksSnapshot Startup total=0 bar=0 other=0 mobile=0 showBar=0 showBarNTP=1
2026-09-04 16:21:44.783: [INFO] BookmarksSnapshot Shutdown total=0 bar=0 other=0 mobile=0 showBar=0 showBarNTP=1
2026-09-07 12:30:22.185: [INFO] CurrentProfilePath: Z:\workspace_qdev\.metadata\.plugins\org.eclipse.swt\EBWebView\Default
2026-09-07 12:30:22.185: [INFO] Profiles total count: 1
2026-09-07 12:30:22.185: [INFO] Profile: name=Profil 1 path=Z:\workspace_qdev\.metadata\.plugins\org.eclipse.swt\EBWebView\Default lastActive=2026-09-04T16:21:31.650Z
2026-09-07 12:30:22.185: [INFO] LastUsedProfileDir: Z:\workspace_qdev\.metadata\.plugins\org.eclipse.swt\EBWebView\Default
2026-09-07 12:30:22.185: [INFO] MostRecentlyActiveProfile: name=Profil 1 path=Z:\workspace_qdev\.metadata\.plugins\org.eclipse.swt\EBWebView\Default lastActive=2026-09-04T16:21:31.650Z
2026-09-07 12:30:22.185: [INFO] OnDoneLoading sync enabled: 0
2026-09-07 12:30:22.185: [INFO] BookmarkModelLoaded, ids_reassigned: 0
2026-09-07 12:30:22.185: [INFO] BookmarksLoadDropped droppedNodes=0
2026-09-07 12:30:22.185: [INFO] BookmarksSnapshot Startup total=0 bar=0 other=0 mobile=0 showBar=0 showBarNTP=1
2026-09-07 12:31:04.914: [INFO] BookmarksSnapshot Shutdown total=0 bar=0 other=0 mobile=0 showBar=0 showBarNTP=1
2026-09-07 12:33:23.323: [INFO] CurrentProfilePath: Z:\workspace_qdev\.metadata\.plugins\org.eclipse.swt\EBWebView\Default
2026-09-07 12:33:23.323: [INFO] Profiles total count: 1
2026-09-07 12:33:23.323: [INFO] Profile: name=Profil 1 path=Z:\workspace_qdev\.metadata\.plugins\org.eclipse.swt\EBWebView\Default lastActive=2026-09-07T12:31:03.750Z
2026-09-07 12:33:23.323: [INFO] LastUsedProfileDir: Z:\workspace_qdev\.metadata\.plugins\org.eclipse.swt\EBWebView\Default
2026-09-07 12:33:23.323: [INFO] MostRecentlyActiveProfile: name=Profil 1 path=Z:\workspace_qdev\.metadata\.plugins\org.eclipse.swt\EBWebView\Default lastActive=2026-09-07T12:31:03.750Z
2026-09-07 12:33:23.323: [INFO] OnDoneLoading sync enabled: 0
2026-09-07 12:33:23.323: [INFO] BookmarkModelLoaded, ids_reassigned: 0
2026-09-07 12:33:23.323: [INFO] BookmarksLoadDropped droppedNodes=0
2026-09-07 12:33:23.323: [INFO] BookmarksSnapshot Startup total=0 bar=0 other=0 mobile=0 showBar=0 showBarNTP=1
2026-09-07 12:42:36.428: [INFO] BookmarksSnapshot Shutdown total=0 bar=0 other=0 mobile=0 showBar=0 showBarNTP=1
2026-09-07 12:42:36.480: [INFO] CurrentProfilePath: Z:\workspace_qdev\.metadata\.plugins\org.eclipse.swt\EBWebView\Default
2026-09-07 12:42:36.480: [INFO] Profiles total count: 1
2026-09-07 12:42:36.480: [INFO] Profile: name=Profil 1 path=Z:\workspace_qdev\.metadata\.plugins\org.eclipse.swt\EBWebView\Default lastActive=2026-09-07T12:31:03.750Z
2026-09-07 12:42:36.480: [INFO] LastUsedProfileDir: Z:\workspace_qdev\.metadata\.plugins\org.eclipse.swt\EBWebView\Default
2026-09-07 12:42:36.480: [INFO] MostRecentlyActiveProfile: name=Profil 1 path=Z:\workspace_qdev\.metadata\.plugins\org.eclipse.swt\EBWebView\Default lastActive=2026-09-07T12:31:03.750Z
2026-09-07 12:42:36.480: [INFO] OnDoneLoading sync enabled: 0
2026-09-07 12:42:36.480: [INFO] BookmarkModelLoaded, ids_reassigned: 0
2026-09-07 12:42:36.480: [INFO] BookmarksLoadDropped droppedNodes=0
2026-09-07 12:42:36.480: [INFO] BookmarksSnapshot Startup total=0 bar=0 other=0 mobile=0 showBar=0 showBarNTP=1
2026-09-07 13:29:26.502: [INFO] BookmarksSnapshot Shutdown total=0 bar=0 other=0 mobile=0 showBar=0 showBarNTP=1
2026-09-08 14:41:16.950: [INFO] CurrentProfilePath: Z:\workspace_qdev\.metadata\.plugins\org.eclipse.swt\EBWebView\Default
2026-09-08 14:41:16.950: [INFO] Profiles total count: 1
2026-09-08 14:41:16.950: [INFO] Profile: name=Profil 1 path=Z:\workspace_qdev\.metadata\.plugins\org.eclipse.swt\EBWebView\Default lastActive=2026-09-07T12:31:03.750Z
2026-09-08 14:41:16.950: [INFO] LastUsedProfileDir: Z:\workspace_qdev\.metadata\.plugins\org.eclipse.swt\EBWebView\Default
2026-09-08 14:41:16.950: [INFO] MostRecentlyActiveProfile: name=Profil 1 path=Z:\workspace_qdev\.metadata\.plugins\org.eclipse.swt\EBWebView\Default lastActive=2026-09-07T12:31:03.750Z
2026-09-08 14:41:16.950: [INFO] OnDoneLoading sync enabled: 0
2026-09-08 14:41:16.950: [INFO] BookmarkModelLoaded, ids_reassigned: 0
2026-09-08 14:41:16.950: [INFO] BookmarksLoadDropped droppedNodes=0
2026-09-08 14:41:16.950: [INFO] BookmarksSnapshot Startup total=0 bar=0 other=0 mobile=0 showBar=0 showBarNTP=1
2026-09-08 14:48:24.202: [INFO] BookmarksSnapshot Shutdown total=0 bar=0 other=0 mobile=0 showBar=0 showBarNTP=1
2026-09-08 14:48:55.449: [INFO] CurrentProfilePath: Z:\workspace_qdev\.metadata\.plugins\org.eclipse.swt\EBWebView\Default
2026-09-08 14:48:55.449: [INFO] Profiles total count: 1
2026-09-08 14:48:55.449: [INFO] Profile: name=Profil 1 path=Z:\workspace_qdev\.metadata\.plugins\org.eclipse.swt\EBWebView\Default lastActive=2026-09-07T12:31:03.750Z
2026-09-08 14:48:55.449: [INFO] LastUsedProfileDir: Z:\workspace_qdev\.metadata\.plugins\org.eclipse.swt\EBWebView\Default
2026-09-08 14:48:55.449: [INFO] MostRecentlyActiveProfile: name=Profil 1 path=Z:\workspace_qdev\.metadata\.plugins\org.eclipse.swt\EBWebView\Default lastActive=2026-09-07T12:31:03.750Z
2026-09-08 14:48:55.449: [INFO] OnDoneLoading sync enabled: 0
2026-09-08 14:48:55.449: [INFO] BookmarkModelLoaded, ids_reassigned: 0
2026-09-08 14:48:55.449: [INFO] BookmarksLoadDropped droppedNodes=0
2026-09-08 14:48:55.449: [INFO] BookmarksSnapshot Startup total=0 bar=0 other=0 mobile=0 showBar=0 showBarNTP=1
2026-09-08 15:31:34.262: [INFO] BookmarksSnapshot Shutdown total=0 bar=0 other=0 mobile=0 showBar=0 showBarNTP=1
2026-09-14 12:47:37.873: [INFO] CurrentProfilePath: Z:\workspace_qdev\.metadata\.plugins\org.eclipse.swt\EBWebView\Default
2026-09-14 12:47:37.873: [INFO] Profiles total count: 1
2026-09-14 12:47:37.873: [INFO] Profile: name=Profil 1 path=Z:\workspace_qdev\.metadata\.plugins\org.eclipse.swt\EBWebView\Default lastActive=2026-09-07T12:31:03.750Z
2026-09-14 12:47:37.873: [INFO] LastUsedProfileDir: Z:\workspace_qdev\.metadata\.plugins\org.eclipse.swt\EBWebView\Default
2026-09-14 12:47:37.873: [INFO] MostRecentlyActiveProfile: name=Profil 1 path=Z:\workspace_qdev\.metadata\.plugins\org.eclipse.swt\EBWebView\Default lastActive=2026-09-07T12:31:03.750Z
2026-09-14 12:47:37.873: [INFO] OnDoneLoading sync enabled: 0
2026-09-14 12:47:37.873: [INFO] BookmarkModelLoaded, ids_reassigned: 0
2026-09-14 12:47:37.873: [INFO] BookmarksLoadDropped droppedNodes=0
2026-09-14 12:47:37.873: [INFO] BookmarksSnapshot Startup total=0 bar=0 other=0 mobile=0 showBar=0 showBarNTP=1
2026-09-14 13:39:18.237: [INFO] BookmarksSnapshot Shutdown total=0 bar=0 other=0 mobile=0 showBar=0 showBarNTP=1
2026-09-14 13:41:09.593: [INFO] CurrentProfilePath: Z:\workspace_qdev\.metadata\.plugins\org.eclipse.swt\EBWebView\Default
2026-09-14 13:41:09.593: [INFO] Profiles total count: 1
2026-09-14 13:41:09.593: [INFO] Profile: name=Profil 1 path=Z:\workspace_qdev\.metadata\.plugins\org.eclipse.swt\EBWebView\Default lastActive=2026-09-14T13:31:25.864Z
2026-09-14 13:41:09.593: [INFO] LastUsedProfileDir: Z:\workspace_qdev\.metadata\.plugins\org.eclipse.swt\EBWebView\Default
2026-09-14 13:41:09.593: [INFO] MostRecentlyActiveProfile: name=Profil 1 path=Z:\workspace_qdev\.metadata\.plugins\org.eclipse.swt\EBWebView\Default lastActive=2026-09-14T13:31:25.864Z
2026-09-14 13:41:09.593: [INFO] OnDoneLoading sync enabled: 0
2026-09-14 13:41:09.593: [INFO] BookmarkModelLoaded, ids_reassigned: 0
2026-09-14 13:41:09.593: [INFO] BookmarksLoadDropped droppedNodes=0
2026-09-14 13:41:09.593: [INFO] BookmarksSnapshot Startup total=0 bar=0 other=0 mobile=0 showBar=0 showBarNTP=1
2026-09-14 13:42:58.753: [INFO] BookmarksSnapshot Shutdown total=0 bar=0 other=0 mobile=0 showBar=0 showBarNTP=1
